[0.009s] Invoking command in '/home/nikhil/Work/technowings/fleet-management-system/ros_ws/build/amr': CMAKE_PREFIX_PATH=${CMAKE_PREFIX_PATH}:/home/nikhil/Work/ROS/ros2_ws/install/py_pkg:/opt/ros/humble /usr/bin/cmake /home/nikhil/Work/technowings/fleet-management-system/ros_ws/src/amr -DCMAKE_INSTALL_PREFIX=/home/nikhil/Work/technowings/fleet-management-system/ros_ws/install/amr
[0.053s] -- The C compiler identification is GNU 11.4.0
[0.094s] -- The CXX compiler identification is GNU 11.4.0
[0.099s] -- Detecting C compiler ABI info
[0.154s] -- Detecting C compiler ABI info - done
[0.158s] -- Check for working C compiler: /usr/bin/cc - skipped
[0.159s] -- Detecting C compile features
[0.159s] -- Detecting C compile features - done
[0.160s] -- Detecting CXX compiler ABI info
[0.227s] -- Detecting CXX compiler ABI info - done
[0.231s] -- Check for working CXX compiler: /usr/bin/c++ - skipped
[0.231s] -- Detecting CXX compile features
[0.231s] -- Detecting CXX compile features - done
[0.233s] -- Found ament_cmake: 1.3.11 (/opt/ros/humble/share/ament_cmake/cmake)
[0.336s] -- Found Python3: /usr/bin/python3 (found version "3.10.12") found components: Interpreter 
[0.399s] -- Found ament_lint_auto: 0.12.11 (/opt/ros/humble/share/ament_lint_auto/cmake)
[0.451s] -- Added test 'lint_cmake' to check CMake code style
[0.452s] -- Added test 'xmllint' to check XML markup files
[0.452s] -- Configuring done
[0.454s] -- Generating done
[0.454s] -- Build files have been written to: /home/nikhil/Work/technowings/fleet-management-system/ros_ws/build/amr
[0.457s] Invoked command in '/home/nikhil/Work/technowings/fleet-management-system/ros_ws/build/amr' returned '0': CMAKE_PREFIX_PATH=${CMAKE_PREFIX_PATH}:/home/nikhil/Work/ROS/ros2_ws/install/py_pkg:/opt/ros/humble /usr/bin/cmake /home/nikhil/Work/technowings/fleet-management-system/ros_ws/src/amr -DCMAKE_INSTALL_PREFIX=/home/nikhil/Work/technowings/fleet-management-system/ros_ws/install/amr
[0.458s] Invoking command in '/home/nikhil/Work/technowings/fleet-management-system/ros_ws/build/amr': CMAKE_PREFIX_PATH=${CMAKE_PREFIX_PATH}:/home/nikhil/Work/ROS/ros2_ws/install/py_pkg:/opt/ros/humble /usr/bin/cmake --build /home/nikhil/Work/technowings/fleet-management-system/ros_ws/build/amr -- -j20 -l20
[0.487s] Invoked command in '/home/nikhil/Work/technowings/fleet-management-system/ros_ws/build/amr' returned '0': CMAKE_PREFIX_PATH=${CMAKE_PREFIX_PATH}:/home/nikhil/Work/ROS/ros2_ws/install/py_pkg:/opt/ros/humble /usr/bin/cmake --build /home/nikhil/Work/technowings/fleet-management-system/ros_ws/build/amr -- -j20 -l20
[0.497s] Invoking command in '/home/nikhil/Work/technowings/fleet-management-system/ros_ws/build/amr': CMAKE_PREFIX_PATH=${CMAKE_PREFIX_PATH}:/home/nikhil/Work/ROS/ros2_ws/install/py_pkg:/opt/ros/humble /usr/bin/cmake --install /home/nikhil/Work/technowings/fleet-management-system/ros_ws/build/amr
[0.502s] -- Install configuration: ""
[0.503s] -- Installing: /home/nikhil/Work/technowings/fleet-management-system/ros_ws/install/amr/share/ament_index/resource_index/package_run_dependencies/amr
[0.503s] -- Installing: /home/nikhil/Work/technowings/fleet-management-system/ros_ws/install/amr/share/ament_index/resource_index/parent_prefix_path/amr
[0.503s] -- Installing: /home/nikhil/Work/technowings/fleet-management-system/ros_ws/install/amr/share/amr/environment/ament_prefix_path.sh
[0.503s] -- Installing: /home/nikhil/Work/technowings/fleet-management-system/ros_ws/install/amr/share/amr/environment/ament_prefix_path.dsv
[0.503s] -- Installing: /home/nikhil/Work/technowings/fleet-management-system/ros_ws/install/amr/share/amr/environment/path.sh
[0.503s] -- Installing: /home/nikhil/Work/technowings/fleet-management-system/ros_ws/install/amr/share/amr/environment/path.dsv
[0.503s] -- Installing: /home/nikhil/Work/technowings/fleet-management-system/ros_ws/install/amr/share/amr/local_setup.bash
[0.503s] -- Installing: /home/nikhil/Work/technowings/fleet-management-system/ros_ws/install/amr/share/amr/local_setup.sh
[0.503s] -- Installing: /home/nikhil/Work/technowings/fleet-management-system/ros_ws/install/amr/share/amr/local_setup.zsh
[0.503s] -- Installing: /home/nikhil/Work/technowings/fleet-management-system/ros_ws/install/amr/share/amr/local_setup.dsv
[0.503s] -- Installing: /home/nikhil/Work/technowings/fleet-management-system/ros_ws/install/amr/share/amr/package.dsv
[0.503s] -- Installing: /home/nikhil/Work/technowings/fleet-management-system/ros_ws/install/amr/share/ament_index/resource_index/packages/amr
[0.503s] -- Installing: /home/nikhil/Work/technowings/fleet-management-system/ros_ws/install/amr/share/amr/cmake/amrConfig.cmake
[0.503s] -- Installing: /home/nikhil/Work/technowings/fleet-management-system/ros_ws/install/amr/share/amr/cmake/amrConfig-version.cmake
[0.503s] -- Installing: /home/nikhil/Work/technowings/fleet-management-system/ros_ws/install/amr/share/amr/package.xml
[0.505s] Invoked command in '/home/nikhil/Work/technowings/fleet-management-system/ros_ws/build/amr' returned '0': CMAKE_PREFIX_PATH=${CMAKE_PREFIX_PATH}:/home/nikhil/Work/ROS/ros2_ws/install/py_pkg:/opt/ros/humble /usr/bin/cmake --install /home/nikhil/Work/technowings/fleet-management-system/ros_ws/build/amr
